# hanspell-cli: (우리 집) 으로 -> (우리 집)으로
(우리 집)으로 간다.
