-- 한스펠 로그 시작
-- 교정 제안: 곤색이다 -> 감색이다
'곤색'은 '감색'으로 순화하여 씁니다.
-- 교정 제안: 곤색의 -> 감색의
'곤색'은 '감색'으로 순화하여 씁니다.
-- 교정 제안: 열두살 -> 열두 살
띄어쓰기 오류입니다. 대치어를 참고하여 고쳐 쓰세요.
-- 교정 제안: 한바퀴 -> 한 바퀴
수사 또는 수관형사와 단위성의존명사는 띄어 써야 합니다.

(예)
강아지가 새끼를 다섯 마리나 낳았다.
사람이 열 명 정도 모였다.
우리 마당에는 감나무 세 그루가 서 있다.
-- 교정 제안: 돌껀데 -> 돌 건데
'꺼'는 잘못된 표기로 의존명사 '것' 또는 '거'로 고쳐 쓰는 것이 옳습니다.

(예)
갖고 싶은 거 다 사도 돼요?
그 일은 내가 한 것이 아니다.
-- 교정 제안: 말했더만 -> 말하였더니만
'-더만'은 잘못된 어미입니다. '-더니만'을 써서 '말하였더니만'으로 고쳐 쓰세요.

(예)
어머니를 오시라고 했더니만 아버지 혼자 오셨군요.
그는 가던 길을 우뚝 멈추더니만 갑자기 뒤를 돌아보았다.
밤새 잠을 못 잤더니만 정신이 하나도 없네.
-- 한스펠 로그 끝
아마도 아프리카

이제니

코끼리 사자 기린 얼룩말 호랑이
멀리 있는 것들의 이름을 마음속으로 부를 때
나는 슬픈가 나는 위안이 필요한가
아마도 아프리카 아마도 아주 조금

호랑이, 그것은 나만의 것
따뜻하고 보드랍고 발톱이 없는 것

살고 있나요 묻는다면 아마도 아프리카
아마도 나는 아주 조금 살고 있어요

내 머릿속은
반은 쑥색이고 반은 감색이다
쑥색과 감색의 접합점은 성홍열 같은 선홍색

열두 살 이후로 농담이 입에 배었다
옷에도 머리카락에도 손톱 끝에도
주황색 양파자루 속엔 어제의 열매들
양파가 익어가는 속도로 너는 울었지

눈을 감아도 선홍색이 보이면
다시 코끼리 사자 기린 얼룩말 호랑이
너무나 멀리 있지만 아마도 이미 아프리카
나는 하룻밤 사이에도 많은 곳을 돌아다닌다

---

(스완네 집) 에 오세요.
리랜드는 얼굴 골격이 굵은 게, 어머니 쪽을 닮았다.
한 바퀴 돌 건데 말하였더니만
